// Jest Snapshot v1, https://goo.gl/fbAQLP

exports[`Test <GifGrid /> Test: Componente [GifGrid] toMatchSnapshot() 1`] = `
<Fragment>
  <h3
    className="animate__animated animate__fadeIn"
  >
    Categoria busqueda test
  </h3>
  <p
    className="animate__animated animate__flash"
  >
    loading
  </p>
  <div
    className="card-grid"
  />
</Fragment>
`;
