// Jest Snapshot v1, https://goo.gl/fbAQLP

exports[`Test <GifGridItem /> Test: Componente toMatchSnapshot() 1`] = `
<div
  className="card animate__animated animate__tada"
>
  <img
    alt="Title"
    src="httls://sdsd"
  />
  <p>
    Title
  </p>
</div>
`;
